C51 COMPILER V9.55   MAIN                                                                  04/20/2016 15:47:04 PAGE 1   


C51 COMPILER V9.55, COMPILATION OF MODULE MAIN
OBJECT MODULE PLACED IN .\Objects\main.obj
COMPILER INVOKED BY: C:\Keil_v5\C51\BIN\C51.EXE main.c OPTIMIZE(8,SPEED) BROWSE DEBUG OBJECTEXTEND PRINT(.\Listings\main
                    -.lst) TABS(2) OBJECT(.\Objects\main.obj)

line level    source

   1          /*
   2          PROJECT Name: LED
   3          Author      : Etiq Technologies
   4          Created on  :16 April 2016
   5          Description:  The Project is a demo project for the AT89S8253 interrupt 
   6                        programming.The Led connected to PORT2 of the controller is 
   7                        made off for a second when afalling edge detected at the INT1 
   8                        pin.The Led connected to the PORT1 of the controller is made 
   9                        on for a second when a falling edge occur at the INT0 pin.
  10          
  11          */
  12          
  13          
  14          #include <REG8253.H>
  15          #include "delay.h"           //delay header
  16          
  17          
  18          
  19          void ex0_isr (void) interrupt 0    //interrupt subroutine for ext interrupt o
  20          {
  21   1      P1=0xFF;
  22   1      delay_ms(1000); 
  23   1      }
  24          
  25          void ex1_isr (void) interrupt 2    //interrupt subroutine for ext interrupt 1
  26          {
  27   1      P2=0x00;
  28   1      delay_ms(1000); 
  29   1      }
  30          
  31          /*=============================================================================
  32          =============================================================================*/
  33          void main (void)
  34          {
  35   1      
  36   1      /*-----------------------------------------------
  37   1      Configure INT0 (external interrupt 0) to generate
  38   1      an interrupt on the falling-edge of /INT0 (P3.2).
  39   1      Enable the EX0 interrupt and then enable the
  40   1      global interrupt flag.
  41   1      -----------------------------------------------*/
  42   1      IT0 = 1;   // Configure interrupt 0 for falling edge on /INT0 (P3.2)
  43   1      EX0 = 1;   // Enable EX0 Interrupt
  44   1      IT1 = 1;   // Configure interrupt 2 for falling edge on /INT1 (P3.3)
  45   1      EX1 = 1;   // Enable EX1 Interrupt
  46   1      EA =  1;    // Enable Global Interrupt Flag
  47   1      
  48   1      /*-----------------------------------------------
  49   1      Wait forever.
  50   1      -----------------------------------------------*/
  51   1      while (1)
  52   1        {
  53   2          P1=0x00;
  54   2          P2=0xFF;
C51 COMPILER V9.55   MAIN                                                                  04/20/2016 15:47:04 PAGE 2   

  55   2        }
  56   1      }
  57          
  58          /*=============================================================================
  59          =============================================================================*/
  60          


MODULE INFORMATION:   STATIC OVERLAYABLE
   CODE SIZE        =    150    ----
   CONSTANT SIZE    =   ----    ----
   XDATA SIZE       =   ----    ----
   PDATA SIZE       =   ----    ----
   DATA SIZE        =   ----    ----
   IDATA SIZE       =   ----    ----
   BIT SIZE         =   ----    ----
END OF MODULE INFORMATION.


C51 COMPILATION COMPLETE.  0 WARNING(S),  0 ERROR(S)
